// Jest Snapshot v1, https://goo.gl/fbAQLP

exports[`Security-Logs Page Check security Logs page with data 1`] = `
{
  "asFragment": [Function],
  "baseElement": <body>
    <div>
      <div
        class="container-fluid p-0 m-0"
      >
        <div
          class="row"
        >
          <div
            class="col-md-12"
          >
            <div
              class="card px-4 py-4 card-full-stretch rounded-0 border-0"
            >
              <div
                class="card-body p-0"
              >
                <div
                  class="row align-items-center"
                >
                  <div
                    class="col-xxl-3 col-xl-3 col-lg-3 col-md-6 col-12 mb-lg-3 mb-2 mt-2"
                  />
                  <div
                    class="col-xxl-3 col-xl-3 col-lg-3 col-md-6 col-12 mb-lg-3 mb-2"
                  />
                  <div
                    class="col-xxl-3 col-xl-3 col-lg-3 col-md-6 col-12 mb-lg-3 mb-3"
                  />
                  <div
                    class="col-xxl-3 col-xl-3 col-lg-3 col-md-6 col-12 mb-lg-0 mb-md-2 mb-3 d-xxl-flex d-xl-flex d-lg-flex justify-content-end"
                  />
                </div>
                <div
                  class="row"
                >
                  <div
                    class="col-md-12"
                  />
                </div>
              </div>
            </div>
          </div>
        </div>
      </div>
    </div>
  </body>,
  "container": <div>
    <div
      class="container-fluid p-0 m-0"
    >
      <div
        class="row"
      >
        <div
          class="col-md-12"
        >
          <div
            class="card px-4 py-4 card-full-stretch rounded-0 border-0"
          >
            <div
              class="card-body p-0"
            >
              <div
                class="row align-items-center"
              >
                <div
                  class="col-xxl-3 col-xl-3 col-lg-3 col-md-6 col-12 mb-lg-3 mb-2 mt-2"
                />
                <div
                  class="col-xxl-3 col-xl-3 col-lg-3 col-md-6 col-12 mb-lg-3 mb-2"
                />
                <div
                  class="col-xxl-3 col-xl-3 col-lg-3 col-md-6 col-12 mb-lg-3 mb-3"
                />
                <div
                  class="col-xxl-3 col-xl-3 col-lg-3 col-md-6 col-12 mb-lg-0 mb-md-2 mb-3 d-xxl-flex d-xl-flex d-lg-flex justify-content-end"
                />
              </div>
              <div
                class="row"
              >
                <div
                  class="col-md-12"
                />
              </div>
            </div>
          </div>
        </div>
      </div>
    </div>
  </div>,
  "debug": [Function],
  "findAllByAltText": [Function],
  "findAllByDisplayValue": [Function],
  "findAllByLabelText": [Function],
  "findAllByPlaceholderText": [Function],
  "findAllByRole": [Function],
  "findAllByTestId": [Function],
  "findAllByText": [Function],
  "findAllByTitle": [Function],
  "findByAltText": [Function],
  "findByDisplayValue": [Function],
  "findByLabelText": [Function],
  "findByPlaceholderText": [Function],
  "findByRole": [Function],
  "findByTestId": [Function],
  "findByText": [Function],
  "findByTitle": [Function],
  "getAllByAltText": [Function],
  "getAllByDisplayValue": [Function],
  "getAllByLabelText": [Function],
  "getAllByPlaceholderText": [Function],
  "getAllByRole": [Function],
  "getAllByTestId": [Function],
  "getAllByText": [Function],
  "getAllByTitle": [Function],
  "getByAltText": [Function],
  "getByDisplayValue": [Function],
  "getByLabelText": [Function],
  "getByPlaceholderText": [Function],
  "getByRole": [Function],
  "getByTestId": [Function],
  "getByText": [Function],
  "getByTitle": [Function],
  "queryAllByAltText": [Function],
  "queryAllByDisplayValue": [Function],
  "queryAllByLabelText": [Function],
  "queryAllByPlaceholderText": [Function],
  "queryAllByRole": [Function],
  "queryAllByTestId": [Function],
  "queryAllByText": [Function],
  "queryAllByTitle": [Function],
  "queryByAltText": [Function],
  "queryByDisplayValue": [Function],
  "queryByLabelText": [Function],
  "queryByPlaceholderText": [Function],
  "queryByRole": [Function],
  "queryByTestId": [Function],
  "queryByText": [Function],
  "queryByTitle": [Function],
  "rerender": [Function],
  "unmount": [Function],
}
`;
