// Jest Snapshot v1, https://goo.gl/fbAQLP

exports[`Language Page Check maintainance page functions 1`] = `
{
  "asFragment": [Function],
  "baseElement": <body>
    <div>
      <div>
        <div
          class="row"
        >
          <div
            class="col-md-12"
          >
            <div
              class="card px-4 py-4 border-0 rounded-0 card-full-stretch"
            >
              <div
                class="row"
              >
                <div
                  class="col-md-12 text-end pb-3"
                >
                  <div
                    class="d-flex justify-content-end"
                  >
                    <div
                      class="desktop-btn"
                    />
                    <div
                      class="mobile-btn position-fixed bottom-0 end-0 mb-3 me-5 custom-z-index"
                    />
                  </div>
                </div>
              </div>
              <div
                class="tab-content py-4"
                id="headerbar"
              >
                <div
                  aria-labelledby="nav-cache"
                  class=" fade active show"
                  id="nav-cache"
                  role="tabpanel"
                />
              </div>
            </div>
          </div>
        </div>
      </div>
    </div>
  </body>,
  "container": <div>
    <div>
      <div
        class="row"
      >
        <div
          class="col-md-12"
        >
          <div
            class="card px-4 py-4 border-0 rounded-0 card-full-stretch"
          >
            <div
              class="row"
            >
              <div
                class="col-md-12 text-end pb-3"
              >
                <div
                  class="d-flex justify-content-end"
                >
                  <div
                    class="desktop-btn"
                  />
                  <div
                    class="mobile-btn position-fixed bottom-0 end-0 mb-3 me-5 custom-z-index"
                  />
                </div>
              </div>
            </div>
            <div
              class="tab-content py-4"
              id="headerbar"
            >
              <div
                aria-labelledby="nav-cache"
                class=" fade active show"
                id="nav-cache"
                role="tabpanel"
              />
            </div>
          </div>
        </div>
      </div>
    </div>
  </div>,
  "debug": [Function],
  "findAllByAltText": [Function],
  "findAllByDisplayValue": [Function],
  "findAllByLabelText": [Function],
  "findAllByPlaceholderText": [Function],
  "findAllByRole": [Function],
  "findAllByTestId": [Function],
  "findAllByText": [Function],
  "findAllByTitle": [Function],
  "findByAltText": [Function],
  "findByDisplayValue": [Function],
  "findByLabelText": [Function],
  "findByPlaceholderText": [Function],
  "findByRole": [Function],
  "findByTestId": [Function],
  "findByText": [Function],
  "findByTitle": [Function],
  "getAllByAltText": [Function],
  "getAllByDisplayValue": [Function],
  "getAllByLabelText": [Function],
  "getAllByPlaceholderText": [Function],
  "getAllByRole": [Function],
  "getAllByTestId": [Function],
  "getAllByText": [Function],
  "getAllByTitle": [Function],
  "getByAltText": [Function],
  "getByDisplayValue": [Function],
  "getByLabelText": [Function],
  "getByPlaceholderText": [Function],
  "getByRole": [Function],
  "getByTestId": [Function],
  "getByText": [Function],
  "getByTitle": [Function],
  "queryAllByAltText": [Function],
  "queryAllByDisplayValue": [Function],
  "queryAllByLabelText": [Function],
  "queryAllByPlaceholderText": [Function],
  "queryAllByRole": [Function],
  "queryAllByTestId": [Function],
  "queryAllByText": [Function],
  "queryAllByTitle": [Function],
  "queryByAltText": [Function],
  "queryByDisplayValue": [Function],
  "queryByLabelText": [Function],
  "queryByPlaceholderText": [Function],
  "queryByRole": [Function],
  "queryByTestId": [Function],
  "queryByText": [Function],
  "queryByTitle": [Function],
  "rerender": [Function],
  "unmount": [Function],
}
`;
