// Jest Snapshot v1, https://goo.gl/fbAQLP

exports[`Change Password page Check change passsword button click 1`] = `
{
  "asFragment": [Function],
  "baseElement": <body>
    <div>
      <div
        class="login-background"
      >
        <div
          class="align-items-center d-flex justify-content-center vh-100 m-auto login-container"
        >
          <div
            class="container-fluid m-2"
          >
            <div
              class="bg-white row rounded-3 "
            >
              <div
                class="col-md-6 align-items-center justify-content-center login m-auto"
              >
                <div
                  class="h-100 py-4 px-3"
                >
                  <div
                    class="py-4"
                  >
                    <div
                      class="text-center"
                    >
                      <img
                        src="./assets/raaghu_text_logo.svg"
                      />
                    </div>
                  </div>
                </div>
              </div>
              <div
                class="col-md-6 order-1 order-sm-2 rounded-end position-relative align-items-center p-0 login-card-height"
                style="background-image: url(../assets/bg_1.png); background-size: cover; background-position: bottom; background-repeat: no-repeat;"
              >
                <video
                  autoplay=""
                  class="video"
                  id="myVideo"
                  loop=""
                >
                  <source
                    src="../assets/Comp1.mp4"
                    type="video/mp4"
                  />
                </video>
                <div
                  class="raghu1"
                >
                  <img
                    src="../assets/fg_raaghu.png"
                  />
                </div>
                <div
                  class="wrap"
                >
                  <div
                    class="c"
                  />
                  <div
                    class="c"
                  />
                  <div
                    class="c"
                  />
                  <div
                    class="c"
                  />
                  <div
                    class="c"
                  />
                  <div
                    class="c"
                  />
                  <div
                    class="c"
                  />
                  <div
                    class="c"
                  />
                  <div
                    class="c"
                  />
                  <div
                    class="c"
                  />
                  <div
                    class="c"
                  />
                  <div
                    class="c"
                  />
                  <div
                    class="c"
                  />
                </div>
              </div>
            </div>
          </div>
        </div>
      </div>
    </div>
  </body>,
  "container": <div>
    <div
      class="login-background"
    >
      <div
        class="align-items-center d-flex justify-content-center vh-100 m-auto login-container"
      >
        <div
          class="container-fluid m-2"
        >
          <div
            class="bg-white row rounded-3 "
          >
            <div
              class="col-md-6 align-items-center justify-content-center login m-auto"
            >
              <div
                class="h-100 py-4 px-3"
              >
                <div
                  class="py-4"
                >
                  <div
                    class="text-center"
                  >
                    <img
                      src="./assets/raaghu_text_logo.svg"
                    />
                  </div>
                </div>
              </div>
            </div>
            <div
              class="col-md-6 order-1 order-sm-2 rounded-end position-relative align-items-center p-0 login-card-height"
              style="background-image: url(../assets/bg_1.png); background-size: cover; background-position: bottom; background-repeat: no-repeat;"
            >
              <video
                autoplay=""
                class="video"
                id="myVideo"
                loop=""
              >
                <source
                  src="../assets/Comp1.mp4"
                  type="video/mp4"
                />
              </video>
              <div
                class="raghu1"
              >
                <img
                  src="../assets/fg_raaghu.png"
                />
              </div>
              <div
                class="wrap"
              >
                <div
                  class="c"
                />
                <div
                  class="c"
                />
                <div
                  class="c"
                />
                <div
                  class="c"
                />
                <div
                  class="c"
                />
                <div
                  class="c"
                />
                <div
                  class="c"
                />
                <div
                  class="c"
                />
                <div
                  class="c"
                />
                <div
                  class="c"
                />
                <div
                  class="c"
                />
                <div
                  class="c"
                />
                <div
                  class="c"
                />
              </div>
            </div>
          </div>
        </div>
      </div>
    </div>
  </div>,
  "debug": [Function],
  "findAllByAltText": [Function],
  "findAllByDisplayValue": [Function],
  "findAllByLabelText": [Function],
  "findAllByPlaceholderText": [Function],
  "findAllByRole": [Function],
  "findAllByTestId": [Function],
  "findAllByText": [Function],
  "findAllByTitle": [Function],
  "findByAltText": [Function],
  "findByDisplayValue": [Function],
  "findByLabelText": [Function],
  "findByPlaceholderText": [Function],
  "findByRole": [Function],
  "findByTestId": [Function],
  "findByText": [Function],
  "findByTitle": [Function],
  "getAllByAltText": [Function],
  "getAllByDisplayValue": [Function],
  "getAllByLabelText": [Function],
  "getAllByPlaceholderText": [Function],
  "getAllByRole": [Function],
  "getAllByTestId": [Function],
  "getAllByText": [Function],
  "getAllByTitle": [Function],
  "getByAltText": [Function],
  "getByDisplayValue": [Function],
  "getByLabelText": [Function],
  "getByPlaceholderText": [Function],
  "getByRole": [Function],
  "getByTestId": [Function],
  "getByText": [Function],
  "getByTitle": [Function],
  "queryAllByAltText": [Function],
  "queryAllByDisplayValue": [Function],
  "queryAllByLabelText": [Function],
  "queryAllByPlaceholderText": [Function],
  "queryAllByRole": [Function],
  "queryAllByTestId": [Function],
  "queryAllByText": [Function],
  "queryAllByTitle": [Function],
  "queryByAltText": [Function],
  "queryByDisplayValue": [Function],
  "queryByLabelText": [Function],
  "queryByPlaceholderText": [Function],
  "queryByRole": [Function],
  "queryByTestId": [Function],
  "queryByText": [Function],
  "queryByTitle": [Function],
  "rerender": [Function],
  "unmount": [Function],
}
`;
