// Jest Snapshot v1, https://goo.gl/fbAQLP

exports[`Menus Component Check menu page functionality 1`] = `
{
  "asFragment": [Function],
  "baseElement": <body>
    <div>
      <div
        class="container-fluid p-0 m-0"
      >
        <div
          class="row h-100"
        >
          <div
            class="col-xxl-12 col-xl-12 col-lg-12 col-12 mb-xxl-0 mb-xl-0 mb-lg-0 mb-4"
          >
            <div>
              <div
                class="card card-full-stretch rounded-0 border-0"
              >
                <div
                  class="card-header bg-transparent"
                >
                  <h5
                    class="card-title fw-medium"
                  >
                    Menu Management Tree
                  </h5>
                </div>
                <div
                  class="card-body overflow-x-hidden overflow-y-scroll children-scrollable"
                />
              </div>
            </div>
          </div>
        </div>
      </div>
      <div>
        Mocked RdsOffcanvas
      </div>
      <div>
        Mocked RdsOffcanvas
      </div>
      <div>
        Mocked RdsOffcanvas
      </div>
      <div>
        Mocked RdsOffcanvas
      </div>
      <div>
        Mocked RdsCompNewMenu
      </div>
      <div>
        Mocked RdsOffcanvas
      </div>
      <div>
        Mocked RdsCompNewMenu
      </div>
      <div>
        Mocked RdsOffcanvas
      </div>
      <div>
        Mocked RdsCompNewMenu
      </div>
    </div>
  </body>,
  "container": <div>
    <div
      class="container-fluid p-0 m-0"
    >
      <div
        class="row h-100"
      >
        <div
          class="col-xxl-12 col-xl-12 col-lg-12 col-12 mb-xxl-0 mb-xl-0 mb-lg-0 mb-4"
        >
          <div>
            <div
              class="card card-full-stretch rounded-0 border-0"
            >
              <div
                class="card-header bg-transparent"
              >
                <h5
                  class="card-title fw-medium"
                >
                  Menu Management Tree
                </h5>
              </div>
              <div
                class="card-body overflow-x-hidden overflow-y-scroll children-scrollable"
              />
            </div>
          </div>
        </div>
      </div>
    </div>
    <div>
      Mocked RdsOffcanvas
    </div>
    <div>
      Mocked RdsOffcanvas
    </div>
    <div>
      Mocked RdsOffcanvas
    </div>
    <div>
      Mocked RdsOffcanvas
    </div>
    <div>
      Mocked RdsCompNewMenu
    </div>
    <div>
      Mocked RdsOffcanvas
    </div>
    <div>
      Mocked RdsCompNewMenu
    </div>
    <div>
      Mocked RdsOffcanvas
    </div>
    <div>
      Mocked RdsCompNewMenu
    </div>
  </div>,
  "debug": [Function],
  "findAllByAltText": [Function],
  "findAllByDisplayValue": [Function],
  "findAllByLabelText": [Function],
  "findAllByPlaceholderText": [Function],
  "findAllByRole": [Function],
  "findAllByTestId": [Function],
  "findAllByText": [Function],
  "findAllByTitle": [Function],
  "findByAltText": [Function],
  "findByDisplayValue": [Function],
  "findByLabelText": [Function],
  "findByPlaceholderText": [Function],
  "findByRole": [Function],
  "findByTestId": [Function],
  "findByText": [Function],
  "findByTitle": [Function],
  "getAllByAltText": [Function],
  "getAllByDisplayValue": [Function],
  "getAllByLabelText": [Function],
  "getAllByPlaceholderText": [Function],
  "getAllByRole": [Function],
  "getAllByTestId": [Function],
  "getAllByText": [Function],
  "getAllByTitle": [Function],
  "getByAltText": [Function],
  "getByDisplayValue": [Function],
  "getByLabelText": [Function],
  "getByPlaceholderText": [Function],
  "getByRole": [Function],
  "getByTestId": [Function],
  "getByText": [Function],
  "getByTitle": [Function],
  "queryAllByAltText": [Function],
  "queryAllByDisplayValue": [Function],
  "queryAllByLabelText": [Function],
  "queryAllByPlaceholderText": [Function],
  "queryAllByRole": [Function],
  "queryAllByTestId": [Function],
  "queryAllByText": [Function],
  "queryAllByTitle": [Function],
  "queryByAltText": [Function],
  "queryByDisplayValue": [Function],
  "queryByLabelText": [Function],
  "queryByPlaceholderText": [Function],
  "queryByRole": [Function],
  "queryByTestId": [Function],
  "queryByText": [Function],
  "queryByTitle": [Function],
  "rerender": [Function],
  "unmount": [Function],
}
`;
