// Jest Snapshot v1, https://goo.gl/fbAQLP

exports[`Edition Page Check the all events of the page 1`] = `
{
  "asFragment": [Function],
  "baseElement": <body>
    <div>
      <div
        class="container-fluid p-0 m-0 h-100"
      >
        <div
          class="card px-4 py-4 border-0 rounded-0 card-full-stretch"
        >
          <div
            class="row"
          >
            <div
              class="col-12 col-lg-4 col-md-6 col-xl-3 col-xxl-3 mb-2"
            />
            <div
              class="col-12 col-lg-8 col-md-6 col-xl-9 col-xxl-9 d-flex justify-content-end mb-3"
            />
          </div>
          <div
            class="offset-md-4 col-md-4 mt-3 col-12 position-absolute position-lg-relative bottom-0 mb-3 custom-responsive-alert"
          />
          <div
            class="col-md-4"
          />
        </div>
      </div>
    </div>
  </body>,
  "container": <div>
    <div
      class="container-fluid p-0 m-0 h-100"
    >
      <div
        class="card px-4 py-4 border-0 rounded-0 card-full-stretch"
      >
        <div
          class="row"
        >
          <div
            class="col-12 col-lg-4 col-md-6 col-xl-3 col-xxl-3 mb-2"
          />
          <div
            class="col-12 col-lg-8 col-md-6 col-xl-9 col-xxl-9 d-flex justify-content-end mb-3"
          />
        </div>
        <div
          class="offset-md-4 col-md-4 mt-3 col-12 position-absolute position-lg-relative bottom-0 mb-3 custom-responsive-alert"
        />
        <div
          class="col-md-4"
        />
      </div>
    </div>
  </div>,
  "debug": [Function],
  "findAllByAltText": [Function],
  "findAllByDisplayValue": [Function],
  "findAllByLabelText": [Function],
  "findAllByPlaceholderText": [Function],
  "findAllByRole": [Function],
  "findAllByTestId": [Function],
  "findAllByText": [Function],
  "findAllByTitle": [Function],
  "findByAltText": [Function],
  "findByDisplayValue": [Function],
  "findByLabelText": [Function],
  "findByPlaceholderText": [Function],
  "findByRole": [Function],
  "findByTestId": [Function],
  "findByText": [Function],
  "findByTitle": [Function],
  "getAllByAltText": [Function],
  "getAllByDisplayValue": [Function],
  "getAllByLabelText": [Function],
  "getAllByPlaceholderText": [Function],
  "getAllByRole": [Function],
  "getAllByTestId": [Function],
  "getAllByText": [Function],
  "getAllByTitle": [Function],
  "getByAltText": [Function],
  "getByDisplayValue": [Function],
  "getByLabelText": [Function],
  "getByPlaceholderText": [Function],
  "getByRole": [Function],
  "getByTestId": [Function],
  "getByText": [Function],
  "getByTitle": [Function],
  "queryAllByAltText": [Function],
  "queryAllByDisplayValue": [Function],
  "queryAllByLabelText": [Function],
  "queryAllByPlaceholderText": [Function],
  "queryAllByRole": [Function],
  "queryAllByTestId": [Function],
  "queryAllByText": [Function],
  "queryAllByTitle": [Function],
  "queryByAltText": [Function],
  "queryByDisplayValue": [Function],
  "queryByLabelText": [Function],
  "queryByPlaceholderText": [Function],
  "queryByRole": [Function],
  "queryByTestId": [Function],
  "queryByText": [Function],
  "queryByTitle": [Function],
  "rerender": [Function],
  "unmount": [Function],
}
`;
