// Jest Snapshot v1, https://goo.gl/fbAQLP

exports[`My Acoount page check account page behaviour 1`] = `
{
  "asFragment": [Function],
  "baseElement": <body>
    <div>
      <div
        class="container-fluid m-0 p-0 h-100"
      >
        <div
          class="row h-100"
        >
          <div
            class="col-md-12"
          >
            <div
              class="card border-0 px-4 py-4 rounded-0 card-full-stretch"
            >
              <div
                class="card-body position-relative p-0"
              >
                <div
                  class="col-12 cursor-pointer"
                >
                  <div
                    class="offset-md-4 col-md-4 mt-3 col-12 position-absolute bottom-0 mb-3 position-lg-relative custom-responsive-alert"
                  />
                </div>
              </div>
            </div>
          </div>
        </div>
      </div>
    </div>
  </body>,
  "container": <div>
    <div
      class="container-fluid m-0 p-0 h-100"
    >
      <div
        class="row h-100"
      >
        <div
          class="col-md-12"
        >
          <div
            class="card border-0 px-4 py-4 rounded-0 card-full-stretch"
          >
            <div
              class="card-body position-relative p-0"
            >
              <div
                class="col-12 cursor-pointer"
              >
                <div
                  class="offset-md-4 col-md-4 mt-3 col-12 position-absolute bottom-0 mb-3 position-lg-relative custom-responsive-alert"
                />
              </div>
            </div>
          </div>
        </div>
      </div>
    </div>
  </div>,
  "debug": [Function],
  "findAllByAltText": [Function],
  "findAllByDisplayValue": [Function],
  "findAllByLabelText": [Function],
  "findAllByPlaceholderText": [Function],
  "findAllByRole": [Function],
  "findAllByTestId": [Function],
  "findAllByText": [Function],
  "findAllByTitle": [Function],
  "findByAltText": [Function],
  "findByDisplayValue": [Function],
  "findByLabelText": [Function],
  "findByPlaceholderText": [Function],
  "findByRole": [Function],
  "findByTestId": [Function],
  "findByText": [Function],
  "findByTitle": [Function],
  "getAllByAltText": [Function],
  "getAllByDisplayValue": [Function],
  "getAllByLabelText": [Function],
  "getAllByPlaceholderText": [Function],
  "getAllByRole": [Function],
  "getAllByTestId": [Function],
  "getAllByText": [Function],
  "getAllByTitle": [Function],
  "getByAltText": [Function],
  "getByDisplayValue": [Function],
  "getByLabelText": [Function],
  "getByPlaceholderText": [Function],
  "getByRole": [Function],
  "getByTestId": [Function],
  "getByText": [Function],
  "getByTitle": [Function],
  "queryAllByAltText": [Function],
  "queryAllByDisplayValue": [Function],
  "queryAllByLabelText": [Function],
  "queryAllByPlaceholderText": [Function],
  "queryAllByRole": [Function],
  "queryAllByTestId": [Function],
  "queryAllByText": [Function],
  "queryAllByTitle": [Function],
  "queryByAltText": [Function],
  "queryByDisplayValue": [Function],
  "queryByLabelText": [Function],
  "queryByPlaceholderText": [Function],
  "queryByRole": [Function],
  "queryByTestId": [Function],
  "queryByText": [Function],
  "queryByTitle": [Function],
  "rerender": [Function],
  "unmount": [Function],
}
`;
