// Jest Snapshot v1, https://goo.gl/fbAQLP

exports[`Organization page Check organization page data 1`] = `
{
  "asFragment": [Function],
  "baseElement": <body>
    <div>
      <div>
        <div
          class="container-fluid p-0 m-0"
        >
          <div
            class="row h-100"
          >
            <div
              class="col-xxl-6 col-xl-6 col-12 mb-xxl-0 mb-xl-0 mb-lg-0 mb-4 ps-lg-1 ps-xl-1 ps-xxl-1 col-lg-12 col-md-12 ps-lg-3 "
            >
              <div
                class="card rounded-0 card-full-stretch border-0"
              >
                <div
                  class="card-header bg-transparent"
                >
                  <h5
                    class="card-title fw-medium"
                  >
                    AbpIdentity.SelectAnOrganizationUnitToSeeMembers
                  </h5>
                </div>
                <div />
              </div>
            </div>
          </div>
        </div>
      </div>
    </div>
  </body>,
  "container": <div>
    <div>
      <div
        class="container-fluid p-0 m-0"
      >
        <div
          class="row h-100"
        >
          <div
            class="col-xxl-6 col-xl-6 col-12 mb-xxl-0 mb-xl-0 mb-lg-0 mb-4 ps-lg-1 ps-xl-1 ps-xxl-1 col-lg-12 col-md-12 ps-lg-3 "
          >
            <div
              class="card rounded-0 card-full-stretch border-0"
            >
              <div
                class="card-header bg-transparent"
              >
                <h5
                  class="card-title fw-medium"
                >
                  AbpIdentity.SelectAnOrganizationUnitToSeeMembers
                </h5>
              </div>
              <div />
            </div>
          </div>
        </div>
      </div>
    </div>
  </div>,
  "debug": [Function],
  "findAllByAltText": [Function],
  "findAllByDisplayValue": [Function],
  "findAllByLabelText": [Function],
  "findAllByPlaceholderText": [Function],
  "findAllByRole": [Function],
  "findAllByTestId": [Function],
  "findAllByText": [Function],
  "findAllByTitle": [Function],
  "findByAltText": [Function],
  "findByDisplayValue": [Function],
  "findByLabelText": [Function],
  "findByPlaceholderText": [Function],
  "findByRole": [Function],
  "findByTestId": [Function],
  "findByText": [Function],
  "findByTitle": [Function],
  "getAllByAltText": [Function],
  "getAllByDisplayValue": [Function],
  "getAllByLabelText": [Function],
  "getAllByPlaceholderText": [Function],
  "getAllByRole": [Function],
  "getAllByTestId": [Function],
  "getAllByText": [Function],
  "getAllByTitle": [Function],
  "getByAltText": [Function],
  "getByDisplayValue": [Function],
  "getByLabelText": [Function],
  "getByPlaceholderText": [Function],
  "getByRole": [Function],
  "getByTestId": [Function],
  "getByText": [Function],
  "getByTitle": [Function],
  "queryAllByAltText": [Function],
  "queryAllByDisplayValue": [Function],
  "queryAllByLabelText": [Function],
  "queryAllByPlaceholderText": [Function],
  "queryAllByRole": [Function],
  "queryAllByTestId": [Function],
  "queryAllByText": [Function],
  "queryAllByTitle": [Function],
  "queryByAltText": [Function],
  "queryByDisplayValue": [Function],
  "queryByLabelText": [Function],
  "queryByPlaceholderText": [Function],
  "queryByRole": [Function],
  "queryByTestId": [Function],
  "queryByText": [Function],
  "queryByTitle": [Function],
  "rerender": [Function],
  "unmount": [Function],
}
`;
