// Jest Snapshot v1, https://goo.gl/fbAQLP

exports[`Organization page Check Payment Requests page 1`] = `
{
  "asFragment": [Function],
  "baseElement": <body>
    <div>
      <div
        class="container-fluid m-0 p-0"
      >
        <div
          class="card px-4 py-4 border-0 rounded-0 card-full-stretch"
        >
          <form>
            <div
              class="row mb-xxl-0 mb-xl-0 mb-lg-0 mb-3 align-items-center"
            >
              <div
                class="col-xxl-3 col-xl-3 col-lg-3 col-md-6 col-12 form-group mt-2"
              />
              <div
                class="col-xxl-3 col-xl-3 col-lg-3 col-md-6 col-12 form-group"
              />
            </div>
          </form>
        </div>
      </div>
    </div>
  </body>,
  "container": <div>
    <div
      class="container-fluid m-0 p-0"
    >
      <div
        class="card px-4 py-4 border-0 rounded-0 card-full-stretch"
      >
        <form>
          <div
            class="row mb-xxl-0 mb-xl-0 mb-lg-0 mb-3 align-items-center"
          >
            <div
              class="col-xxl-3 col-xl-3 col-lg-3 col-md-6 col-12 form-group mt-2"
            />
            <div
              class="col-xxl-3 col-xl-3 col-lg-3 col-md-6 col-12 form-group"
            />
          </div>
        </form>
      </div>
    </div>
  </div>,
  "debug": [Function],
  "findAllByAltText": [Function],
  "findAllByDisplayValue": [Function],
  "findAllByLabelText": [Function],
  "findAllByPlaceholderText": [Function],
  "findAllByRole": [Function],
  "findAllByTestId": [Function],
  "findAllByText": [Function],
  "findAllByTitle": [Function],
  "findByAltText": [Function],
  "findByDisplayValue": [Function],
  "findByLabelText": [Function],
  "findByPlaceholderText": [Function],
  "findByRole": [Function],
  "findByTestId": [Function],
  "findByText": [Function],
  "findByTitle": [Function],
  "getAllByAltText": [Function],
  "getAllByDisplayValue": [Function],
  "getAllByLabelText": [Function],
  "getAllByPlaceholderText": [Function],
  "getAllByRole": [Function],
  "getAllByTestId": [Function],
  "getAllByText": [Function],
  "getAllByTitle": [Function],
  "getByAltText": [Function],
  "getByDisplayValue": [Function],
  "getByLabelText": [Function],
  "getByPlaceholderText": [Function],
  "getByRole": [Function],
  "getByTestId": [Function],
  "getByText": [Function],
  "getByTitle": [Function],
  "queryAllByAltText": [Function],
  "queryAllByDisplayValue": [Function],
  "queryAllByLabelText": [Function],
  "queryAllByPlaceholderText": [Function],
  "queryAllByRole": [Function],
  "queryAllByTestId": [Function],
  "queryAllByText": [Function],
  "queryAllByTitle": [Function],
  "queryByAltText": [Function],
  "queryByDisplayValue": [Function],
  "queryByLabelText": [Function],
  "queryByPlaceholderText": [Function],
  "queryByRole": [Function],
  "queryByTestId": [Function],
  "queryByText": [Function],
  "queryByTitle": [Function],
  "rerender": [Function],
  "unmount": [Function],
}
`;
